engdeu0101,newstest2019.Microsoft-WMT19-sentence-level.6785.en-de.txt,68,TGT,eng,deu,10
engdeu0101,newstest2019.Microsoft-WMT19-sentence_document.6974.en-de.txt,61,TGT,eng,deu,20
engdeu0101,newstest2019.Microsoft-WMT19-sentence-level.6785.en-de.txt,36,TGT,eng,deu,30
engdeu0101,newstest2019.Microsoft-WMT19-sentence-level.6785.en-de.txt,8,BAD,eng,deu,40
engdeu0101,newstest2019.Microsoft-WMT19-document-level.6808.en-de.txt,42,TGT,eng,deu,50
engdeu0101,newstest2019.Microsoft-WMT19-sentence_document.6974.en-de.txt,58,TGT,eng,deu,60
engdeu0101,newstest2019.Microsoft-WMT19-document-level.6808.en-de.txt,64,TGT,eng,deu,70
engdeu0101,newstest2019-ende-ref.de,37,REF,eng,deu,80
engdeu0101,newstest2019.Microsoft-WMT19-document-level.6808.en-de.txt,17,TGT,eng,deu,90
engdeu0101,newstest2019.Microsoft-WMT19-sentence_document.6974.en-de.txt,17,TGT,eng,deu,90
engdeu0101,newstest2019.Microsoft-WMT19-document-level.6808.en-de.txt,38,TGT,eng,deu,100
